.next/types/validator.ts(143,39): error TS2307: Cannot find module '../../src/app/products/[slug]/page.js' or its corresponding type declarations.
.next/types/validator.ts(152,39): error TS2307: Cannot find module '../../src/app/products/page.js' or its corresponding type declarations.
src/modules/shop/components/product-detail-client.tsx(171,20): error TS2322: Type 'string | Record<string, string>' is not assignable to type 'ReactNode'.
  Type 'Record<string, string>' is not assignable to type 'ReactNode'.
    Type 'Record<string, string>' is missing the following properties from type 'ReactPortal': children, type, props, key
