src/services/meinlSyncService.ts(348,14): error TS2322: Type '{ name: unknown; slug: unknown; id?: string | undefined; description?: unknown; parentId?: string | null | undefined; }' is not assignable to type '{ id: string; parentId: string | null; name: unknown; description: unknown; slug: unknown; }'.
  Types of property 'id' are incompatible.
    Type 'string | undefined' is not assignable to type 'string'.
      Type 'undefined' is not assignable to type 'string'.
