src/app/admin/categories/category-client.tsx(19,8): error TS2307: Cannot find module '@/components/ui/dialog' or its corresponding type declarations.
