check-db.ts(13,78): error TS18046: 'e' is of type 'unknown'.
check-db.ts(16,49): error TS18046: 'err' is of type 'unknown'.
src/app/(public)/oktatasok/oktatasok-client.tsx(288,66): error TS2339: Property 'desc' does not exist on type '{ name: string; desc: string; } | { name: string; desc: string; } | { name: string; desc: string; } | { name: string; desc: string; } | { name: string; comingSoon: string; }'.
  Property 'desc' does not exist on type '{ name: string; comingSoon: string; }'.
src/app/admin/trainings/training-form.tsx(71,5): error TS2322: Type 'Resolver<{ level: string; type: string; priceHuf: unknown; datesHu: string; locationHu: string; datesEn?: string | null | undefined; datesSk?: string | null | undefined; locationEn?: string | null | undefined; locationSk?: string | ... 1 more ... | undefined; isActive?: boolean | undefined; }, any, { ...; }>' is not assignable to type 'Resolver<{ level: string; type: string; priceHuf: number; datesHu: string; locationHu: string; isActive: boolean; datesEn?: string | null | undefined; datesSk?: string | null | undefined; locationEn?: string | ... 1 more ... | undefined; locationSk?: string | ... 1 more ... | undefined; }, any, { ...; }>'.
  Types of parameters 'options' and 'options' are incompatible.
    Type 'ResolverOptions<{ level: string; type: string; priceHuf: number; datesHu: string; locationHu: string; isActive: boolean; datesEn?: string | null | undefined; datesSk?: string | null | undefined; locationEn?: string | ... 1 more ... | undefined; locationSk?: string | ... 1 more ... | undefined; }>' is not assignable to type 'ResolverOptions<{ level: string; type: string; priceHuf: unknown; datesHu: string; locationHu: string; datesEn?: string | null | undefined; datesSk?: string | null | undefined; locationEn?: string | null | undefined; locationSk?: string | ... 1 more ... | undefined; isActive?: boolean | undefined; }>'.
      Type 'unknown' is not assignable to type 'number'.
src/app/admin/trainings/training-form.tsx(162,19): error TS2322: Type 'Control<{ level: string; type: string; priceHuf: number; datesHu: string; locationHu: string; isActive: boolean; datesEn?: string | null | undefined; datesSk?: string | null | undefined; locationEn?: string | ... 1 more ... | undefined; locationSk?: string | ... 1 more ... | undefined; }, any, TFieldValues>' is not assignable to type 'Control<{ level: string; type: string; priceHuf: number; datesHu: string; locationHu: string; isActive: boolean; datesEn?: string | null | undefined; datesSk?: string | null | undefined; locationEn?: string | ... 1 more ... | undefined; locationSk?: string | ... 1 more ... | undefined; }, any, { ...; }>'.
  The types of '_options.resolver' are incompatible between these types.
    Type 'Resolver<{ level: string; type: string; priceHuf: number; datesHu: string; locationHu: string; isActive: boolean; datesEn?: string | null | undefined; datesSk?: string | null | undefined; locationEn?: string | ... 1 more ... | undefined; locationSk?: string | ... 1 more ... | undefined; }, any, TFieldValues> | undef...' is not assignable to type 'Resolver<{ level: string; type: string; priceHuf: number; datesHu: string; locationHu: string; isActive: boolean; datesEn?: string | null | undefined; datesSk?: string | null | undefined; locationEn?: string | ... 1 more ... | undefined; locationSk?: string | ... 1 more ... | undefined; }, any, { ...; }> | undefined'.
      Type 'Resolver<{ level: string; type: string; priceHuf: number; datesHu: string; locationHu: string; isActive: boolean; datesEn?: string | null | undefined; datesSk?: string | null | undefined; locationEn?: string | ... 1 more ... | undefined; locationSk?: string | ... 1 more ... | undefined; }, any, TFieldValues>' is not assignable to type 'Resolver<{ level: string; type: string; priceHuf: number; datesHu: string; locationHu: string; isActive: boolean; datesEn?: string | null | undefined; datesSk?: string | null | undefined; locationEn?: string | ... 1 more ... | undefined; locationSk?: string | ... 1 more ... | undefined; }, any, { ...; }>'.
        Type 'ResolverResult<{ level: string; type: string; priceHuf: number; datesHu: string; locationHu: string; isActive: boolean; datesEn?: string | null | undefined; datesSk?: string | null | undefined; locationEn?: string | ... 1 more ... | undefined; locationSk?: string | ... 1 more ... | undefined; }, TFieldValues> | Prom...' is not assignable to type 'ResolverResult<{ level: string; type: string; priceHuf: number; datesHu: string; locationHu: string; isActive: boolean; datesEn?: string | null | undefined; datesSk?: string | null | undefined; locationEn?: string | ... 1 more ... | undefined; locationSk?: string | ... 1 more ... | undefined; }, { ...; }> | Promise<...'.
          Type 'ResolverSuccess<TFieldValues>' is not assignable to type 'ResolverResult<{ level: string; type: string; priceHuf: number; datesHu: string; locationHu: string; isActive: boolean; datesEn?: string | null | undefined; datesSk?: string | null | undefined; locationEn?: string | ... 1 more ... | undefined; locationSk?: string | ... 1 more ... | undefined; }, { ...; }> | Promise<...'.
            Type 'ResolverSuccess<TFieldValues>' is not assignable to type 'ResolverSuccess<{ level: string; type: string; priceHuf: number; datesHu: string; locationHu: string; isActive: boolean; datesEn?: string | null | undefined; datesSk?: string | null | undefined; locationEn?: string | ... 1 more ... | undefined; locationSk?: string | ... 1 more ... | undefined; }>'.
              Type 'TFieldValues' is not assignable to type '{ level: string; type: string; priceHuf: number; datesHu: string; locationHu: string; isActive: boolean; datesEn?: string | null | undefined; datesSk?: string | null | undefined; locationEn?: string | ... 1 more ... | undefined; locationSk?: string | ... 1 more ... | undefined; }'.
                Type 'FieldValues' is missing the following properties from type '{ level: string; type: string; priceHuf: number; datesHu: string; locationHu: string; isActive: boolean; datesEn?: string | null | undefined; datesSk?: string | null | undefined; locationEn?: string | ... 1 more ... | undefined; locationSk?: string | ... 1 more ... | undefined; }': level, type, priceHuf, datesHu, and 2 more.
src/app/admin/trainings/training-form.tsx(187,19): error TS2322: Type 'Control<{ level: string; type: string; priceHuf: number; datesHu: string; locationHu: string; isActive: boolean; datesEn?: string | null | undefined; datesSk?: string | null | undefined; locationEn?: string | ... 1 more ... | undefined; locationSk?: string | ... 1 more ... | undefined; }, any, TFieldValues>' is not assignable to type 'Control<{ level: string; type: string; priceHuf: number; datesHu: string; locationHu: string; isActive: boolean; datesEn?: string | null | undefined; datesSk?: string | null | undefined; locationEn?: string | ... 1 more ... | undefined; locationSk?: string | ... 1 more ... | undefined; }, any, { ...; }>'.
  The types of '_options.resolver' are incompatible between these types.
    Type 'Resolver<{ level: string; type: string; priceHuf: number; datesHu: string; locationHu: string; isActive: boolean; datesEn?: string | null | undefined; datesSk?: string | null | undefined; locationEn?: string | ... 1 more ... | undefined; locationSk?: string | ... 1 more ... | undefined; }, any, TFieldValues> | undef...' is not assignable to type 'Resolver<{ level: string; type: string; priceHuf: number; datesHu: string; locationHu: string; isActive: boolean; datesEn?: string | null | undefined; datesSk?: string | null | undefined; locationEn?: string | ... 1 more ... | undefined; locationSk?: string | ... 1 more ... | undefined; }, any, { ...; }> | undefined'.
      Type 'Resolver<{ level: string; type: string; priceHuf: number; datesHu: string; locationHu: string; isActive: boolean; datesEn?: string | null | undefined; datesSk?: string | null | undefined; locationEn?: string | ... 1 more ... | undefined; locationSk?: string | ... 1 more ... | undefined; }, any, TFieldValues>' is not assignable to type 'Resolver<{ level: string; type: string; priceHuf: number; datesHu: string; locationHu: string; isActive: boolean; datesEn?: string | null | undefined; datesSk?: string | null | undefined; locationEn?: string | ... 1 more ... | undefined; locationSk?: string | ... 1 more ... | undefined; }, any, { ...; }>'.
        Type 'ResolverResult<{ level: string; type: string; priceHuf: number; datesHu: string; locationHu: string; isActive: boolean; datesEn?: string | null | undefined; datesSk?: string | null | undefined; locationEn?: string | ... 1 more ... | undefined; locationSk?: string | ... 1 more ... | undefined; }, TFieldValues> | Prom...' is not assignable to type 'ResolverResult<{ level: string; type: string; priceHuf: number; datesHu: string; locationHu: string; isActive: boolean; datesEn?: string | null | undefined; datesSk?: string | null | undefined; locationEn?: string | ... 1 more ... | undefined; locationSk?: string | ... 1 more ... | undefined; }, { ...; }> | Promise<...'.
          Type 'ResolverSuccess<TFieldValues>' is not assignable to type 'ResolverResult<{ level: string; type: string; priceHuf: number; datesHu: string; locationHu: string; isActive: boolean; datesEn?: string | null | undefined; datesSk?: string | null | undefined; locationEn?: string | ... 1 more ... | undefined; locationSk?: string | ... 1 more ... | undefined; }, { ...; }> | Promise<...'.
            Type 'ResolverSuccess<TFieldValues>' is not assignable to type 'ResolverSuccess<{ level: string; type: string; priceHuf: number; datesHu: string; locationHu: string; isActive: boolean; datesEn?: string | null | undefined; datesSk?: string | null | undefined; locationEn?: string | ... 1 more ... | undefined; locationSk?: string | ... 1 more ... | undefined; }>'.
              Type 'TFieldValues' is not assignable to type '{ level: string; type: string; priceHuf: number; datesHu: string; locationHu: string; isActive: boolean; datesEn?: string | null | undefined; datesSk?: string | null | undefined; locationEn?: string | ... 1 more ... | undefined; locationSk?: string | ... 1 more ... | undefined; }'.
                Type 'FieldValues' is missing the following properties from type '{ level: string; type: string; priceHuf: number; datesHu: string; locationHu: string; isActive: boolean; datesEn?: string | null | undefined; datesSk?: string | null | undefined; locationEn?: string | ... 1 more ... | undefined; locationSk?: string | ... 1 more ... | undefined; }': level, type, priceHuf, datesHu, and 2 more.
src/app/admin/trainings/training-form.tsx(209,19): error TS2322: Type 'Control<{ level: string; type: string; priceHuf: number; datesHu: string; locationHu: string; isActive: boolean; datesEn?: string | null | undefined; datesSk?: string | null | undefined; locationEn?: string | ... 1 more ... | undefined; locationSk?: string | ... 1 more ... | undefined; }, any, TFieldValues>' is not assignable to type 'Control<{ level: string; type: string; priceHuf: number; datesHu: string; locationHu: string; isActive: boolean; datesEn?: string | null | undefined; datesSk?: string | null | undefined; locationEn?: string | ... 1 more ... | undefined; locationSk?: string | ... 1 more ... | undefined; }, any, { ...; }>'.
  The types of '_options.resolver' are incompatible between these types.
    Type 'Resolver<{ level: string; type: string; priceHuf: number; datesHu: string; locationHu: string; isActive: boolean; datesEn?: string | null | undefined; datesSk?: string | null | undefined; locationEn?: string | ... 1 more ... | undefined; locationSk?: string | ... 1 more ... | undefined; }, any, TFieldValues> | undef...' is not assignable to type 'Resolver<{ level: string; type: string; priceHuf: number; datesHu: string; locationHu: string; isActive: boolean; datesEn?: string | null | undefined; datesSk?: string | null | undefined; locationEn?: string | ... 1 more ... | undefined; locationSk?: string | ... 1 more ... | undefined; }, any, { ...; }> | undefined'.
      Type 'Resolver<{ level: string; type: string; priceHuf: number; datesHu: string; locationHu: string; isActive: boolean; datesEn?: string | null | undefined; datesSk?: string | null | undefined; locationEn?: string | ... 1 more ... | undefined; locationSk?: string | ... 1 more ... | undefined; }, any, TFieldValues>' is not assignable to type 'Resolver<{ level: string; type: string; priceHuf: number; datesHu: string; locationHu: string; isActive: boolean; datesEn?: string | null | undefined; datesSk?: string | null | undefined; locationEn?: string | ... 1 more ... | undefined; locationSk?: string | ... 1 more ... | undefined; }, any, { ...; }>'.
        Type 'ResolverResult<{ level: string; type: string; priceHuf: number; datesHu: string; locationHu: string; isActive: boolean; datesEn?: string | null | undefined; datesSk?: string | null | undefined; locationEn?: string | ... 1 more ... | undefined; locationSk?: string | ... 1 more ... | undefined; }, TFieldValues> | Prom...' is not assignable to type 'ResolverResult<{ level: string; type: string; priceHuf: number; datesHu: string; locationHu: string; isActive: boolean; datesEn?: string | null | undefined; datesSk?: string | null | undefined; locationEn?: string | ... 1 more ... | undefined; locationSk?: string | ... 1 more ... | undefined; }, { ...; }> | Promise<...'.
          Type 'ResolverSuccess<TFieldValues>' is not assignable to type 'ResolverResult<{ level: string; type: string; priceHuf: number; datesHu: string; locationHu: string; isActive: boolean; datesEn?: string | null | undefined; datesSk?: string | null | undefined; locationEn?: string | ... 1 more ... | undefined; locationSk?: string | ... 1 more ... | undefined; }, { ...; }> | Promise<...'.
            Type 'ResolverSuccess<TFieldValues>' is not assignable to type 'ResolverSuccess<{ level: string; type: string; priceHuf: number; datesHu: string; locationHu: string; isActive: boolean; datesEn?: string | null | undefined; datesSk?: string | null | undefined; locationEn?: string | ... 1 more ... | undefined; locationSk?: string | ... 1 more ... | undefined; }>'.
              Type 'TFieldValues' is not assignable to type '{ level: string; type: string; priceHuf: number; datesHu: string; locationHu: string; isActive: boolean; datesEn?: string | null | undefined; datesSk?: string | null | undefined; locationEn?: string | ... 1 more ... | undefined; locationSk?: string | ... 1 more ... | undefined; }'.
                Type 'FieldValues' is missing the following properties from type '{ level: string; type: string; priceHuf: number; datesHu: string; locationHu: string; isActive: boolean; datesEn?: string | null | undefined; datesSk?: string | null | undefined; locationEn?: string | ... 1 more ... | undefined; locationSk?: string | ... 1 more ... | undefined; }': level, type, priceHuf, datesHu, and 2 more.
src/app/admin/trainings/training-form.tsx(229,19): error TS2322: Type 'Control<{ level: string; type: string; priceHuf: number; datesHu: string; locationHu: string; isActive: boolean; datesEn?: string | null | undefined; datesSk?: string | null | undefined; locationEn?: string | ... 1 more ... | undefined; locationSk?: string | ... 1 more ... | undefined; }, any, TFieldValues>' is not assignable to type 'Control<{ level: string; type: string; priceHuf: number; datesHu: string; locationHu: string; isActive: boolean; datesEn?: string | null | undefined; datesSk?: string | null | undefined; locationEn?: string | ... 1 more ... | undefined; locationSk?: string | ... 1 more ... | undefined; }, any, { ...; }>'.
  The types of '_options.resolver' are incompatible between these types.
    Type 'Resolver<{ level: string; type: string; priceHuf: number; datesHu: string; locationHu: string; isActive: boolean; datesEn?: string | null | undefined; datesSk?: string | null | undefined; locationEn?: string | ... 1 more ... | undefined; locationSk?: string | ... 1 more ... | undefined; }, any, TFieldValues> | undef...' is not assignable to type 'Resolver<{ level: string; type: string; priceHuf: number; datesHu: string; locationHu: string; isActive: boolean; datesEn?: string | null | undefined; datesSk?: string | null | undefined; locationEn?: string | ... 1 more ... | undefined; locationSk?: string | ... 1 more ... | undefined; }, any, { ...; }> | undefined'.
      Type 'Resolver<{ level: string; type: string; priceHuf: number; datesHu: string; locationHu: string; isActive: boolean; datesEn?: string | null | undefined; datesSk?: string | null | undefined; locationEn?: string | ... 1 more ... | undefined; locationSk?: string | ... 1 more ... | undefined; }, any, TFieldValues>' is not assignable to type 'Resolver<{ level: string; type: string; priceHuf: number; datesHu: string; locationHu: string; isActive: boolean; datesEn?: string | null | undefined; datesSk?: string | null | undefined; locationEn?: string | ... 1 more ... | undefined; locationSk?: string | ... 1 more ... | undefined; }, any, { ...; }>'.
        Type 'ResolverResult<{ level: string; type: string; priceHuf: number; datesHu: string; locationHu: string; isActive: boolean; datesEn?: string | null | undefined; datesSk?: string | null | undefined; locationEn?: string | ... 1 more ... | undefined; locationSk?: string | ... 1 more ... | undefined; }, TFieldValues> | Prom...' is not assignable to type 'ResolverResult<{ level: string; type: string; priceHuf: number; datesHu: string; locationHu: string; isActive: boolean; datesEn?: string | null | undefined; datesSk?: string | null | undefined; locationEn?: string | ... 1 more ... | undefined; locationSk?: string | ... 1 more ... | undefined; }, { ...; }> | Promise<...'.
          Type 'ResolverSuccess<TFieldValues>' is not assignable to type 'ResolverResult<{ level: string; type: string; priceHuf: number; datesHu: string; locationHu: string; isActive: boolean; datesEn?: string | null | undefined; datesSk?: string | null | undefined; locationEn?: string | ... 1 more ... | undefined; locationSk?: string | ... 1 more ... | undefined; }, { ...; }> | Promise<...'.
            Type 'ResolverSuccess<TFieldValues>' is not assignable to type 'ResolverSuccess<{ level: string; type: string; priceHuf: number; datesHu: string; locationHu: string; isActive: boolean; datesEn?: string | null | undefined; datesSk?: string | null | undefined; locationEn?: string | ... 1 more ... | undefined; locationSk?: string | ... 1 more ... | undefined; }>'.
              Type 'TFieldValues' is not assignable to type '{ level: string; type: string; priceHuf: number; datesHu: string; locationHu: string; isActive: boolean; datesEn?: string | null | undefined; datesSk?: string | null | undefined; locationEn?: string | ... 1 more ... | undefined; locationSk?: string | ... 1 more ... | undefined; }'.
                Type 'FieldValues' is missing the following properties from type '{ level: string; type: string; priceHuf: number; datesHu: string; locationHu: string; isActive: boolean; datesEn?: string | null | undefined; datesSk?: string | null | undefined; locationEn?: string | ... 1 more ... | undefined; locationSk?: string | ... 1 more ... | undefined; }': level, type, priceHuf, datesHu, and 2 more.
src/app/admin/trainings/training-form.tsx(265,21): error TS2322: Type 'Control<{ level: string; type: string; priceHuf: number; datesHu: string; locationHu: string; isActive: boolean; datesEn?: string | null | undefined; datesSk?: string | null | undefined; locationEn?: string | ... 1 more ... | undefined; locationSk?: string | ... 1 more ... | undefined; }, any, TFieldValues>' is not assignable to type 'Control<{ level: string; type: string; priceHuf: number; datesHu: string; locationHu: string; isActive: boolean; datesEn?: string | null | undefined; datesSk?: string | null | undefined; locationEn?: string | ... 1 more ... | undefined; locationSk?: string | ... 1 more ... | undefined; }, any, { ...; }>'.
  The types of '_options.resolver' are incompatible between these types.
    Type 'Resolver<{ level: string; type: string; priceHuf: number; datesHu: string; locationHu: string; isActive: boolean; datesEn?: string | null | undefined; datesSk?: string | null | undefined; locationEn?: string | ... 1 more ... | undefined; locationSk?: string | ... 1 more ... | undefined; }, any, TFieldValues> | undef...' is not assignable to type 'Resolver<{ level: string; type: string; priceHuf: number; datesHu: string; locationHu: string; isActive: boolean; datesEn?: string | null | undefined; datesSk?: string | null | undefined; locationEn?: string | ... 1 more ... | undefined; locationSk?: string | ... 1 more ... | undefined; }, any, { ...; }> | undefined'.
      Type 'Resolver<{ level: string; type: string; priceHuf: number; datesHu: string; locationHu: string; isActive: boolean; datesEn?: string | null | undefined; datesSk?: string | null | undefined; locationEn?: string | ... 1 more ... | undefined; locationSk?: string | ... 1 more ... | undefined; }, any, TFieldValues>' is not assignable to type 'Resolver<{ level: string; type: string; priceHuf: number; datesHu: string; locationHu: string; isActive: boolean; datesEn?: string | null | undefined; datesSk?: string | null | undefined; locationEn?: string | ... 1 more ... | undefined; locationSk?: string | ... 1 more ... | undefined; }, any, { ...; }>'.
        Type 'ResolverResult<{ level: string; type: string; priceHuf: number; datesHu: string; locationHu: string; isActive: boolean; datesEn?: string | null | undefined; datesSk?: string | null | undefined; locationEn?: string | ... 1 more ... | undefined; locationSk?: string | ... 1 more ... | undefined; }, TFieldValues> | Prom...' is not assignable to type 'ResolverResult<{ level: string; type: string; priceHuf: number; datesHu: string; locationHu: string; isActive: boolean; datesEn?: string | null | undefined; datesSk?: string | null | undefined; locationEn?: string | ... 1 more ... | undefined; locationSk?: string | ... 1 more ... | undefined; }, { ...; }> | Promise<...'.
          Type 'ResolverSuccess<TFieldValues>' is not assignable to type 'ResolverResult<{ level: string; type: string; priceHuf: number; datesHu: string; locationHu: string; isActive: boolean; datesEn?: string | null | undefined; datesSk?: string | null | undefined; locationEn?: string | ... 1 more ... | undefined; locationSk?: string | ... 1 more ... | undefined; }, { ...; }> | Promise<...'.
            Type 'ResolverSuccess<TFieldValues>' is not assignable to type 'ResolverSuccess<{ level: string; type: string; priceHuf: number; datesHu: string; locationHu: string; isActive: boolean; datesEn?: string | null | undefined; datesSk?: string | null | undefined; locationEn?: string | ... 1 more ... | undefined; locationSk?: string | ... 1 more ... | undefined; }>'.
              Type 'TFieldValues' is not assignable to type '{ level: string; type: string; priceHuf: number; datesHu: string; locationHu: string; isActive: boolean; datesEn?: string | null | undefined; datesSk?: string | null | undefined; locationEn?: string | ... 1 more ... | undefined; locationSk?: string | ... 1 more ... | undefined; }'.
                Type 'FieldValues' is missing the following properties from type '{ level: string; type: string; priceHuf: number; datesHu: string; locationHu: string; isActive: boolean; datesEn?: string | null | undefined; datesSk?: string | null | undefined; locationEn?: string | ... 1 more ... | undefined; locationSk?: string | ... 1 more ... | undefined; }': level, type, priceHuf, datesHu, and 2 more.
src/app/admin/trainings/training-form.tsx(310,21): error TS2322: Type 'Control<{ level: string; type: string; priceHuf: number; datesHu: string; locationHu: string; isActive: boolean; datesEn?: string | null | undefined; datesSk?: string | null | undefined; locationEn?: string | ... 1 more ... | undefined; locationSk?: string | ... 1 more ... | undefined; }, any, TFieldValues>' is not assignable to type 'Control<{ level: string; type: string; priceHuf: number; datesHu: string; locationHu: string; isActive: boolean; datesEn?: string | null | undefined; datesSk?: string | null | undefined; locationEn?: string | ... 1 more ... | undefined; locationSk?: string | ... 1 more ... | undefined; }, any, { ...; }>'.
  The types of '_options.resolver' are incompatible between these types.
    Type 'Resolver<{ level: string; type: string; priceHuf: number; datesHu: string; locationHu: string; isActive: boolean; datesEn?: string | null | undefined; datesSk?: string | null | undefined; locationEn?: string | ... 1 more ... | undefined; locationSk?: string | ... 1 more ... | undefined; }, any, TFieldValues> | undef...' is not assignable to type 'Resolver<{ level: string; type: string; priceHuf: number; datesHu: string; locationHu: string; isActive: boolean; datesEn?: string | null | undefined; datesSk?: string | null | undefined; locationEn?: string | ... 1 more ... | undefined; locationSk?: string | ... 1 more ... | undefined; }, any, { ...; }> | undefined'.
      Type 'Resolver<{ level: string; type: string; priceHuf: number; datesHu: string; locationHu: string; isActive: boolean; datesEn?: string | null | undefined; datesSk?: string | null | undefined; locationEn?: string | ... 1 more ... | undefined; locationSk?: string | ... 1 more ... | undefined; }, any, TFieldValues>' is not assignable to type 'Resolver<{ level: string; type: string; priceHuf: number; datesHu: string; locationHu: string; isActive: boolean; datesEn?: string | null | undefined; datesSk?: string | null | undefined; locationEn?: string | ... 1 more ... | undefined; locationSk?: string | ... 1 more ... | undefined; }, any, { ...; }>'.
        Type 'ResolverResult<{ level: string; type: string; priceHuf: number; datesHu: string; locationHu: string; isActive: boolean; datesEn?: string | null | undefined; datesSk?: string | null | undefined; locationEn?: string | ... 1 more ... | undefined; locationSk?: string | ... 1 more ... | undefined; }, TFieldValues> | Prom...' is not assignable to type 'ResolverResult<{ level: string; type: string; priceHuf: number; datesHu: string; locationHu: string; isActive: boolean; datesEn?: string | null | undefined; datesSk?: string | null | undefined; locationEn?: string | ... 1 more ... | undefined; locationSk?: string | ... 1 more ... | undefined; }, { ...; }> | Promise<...'.
          Type 'ResolverSuccess<TFieldValues>' is not assignable to type 'ResolverResult<{ level: string; type: string; priceHuf: number; datesHu: string; locationHu: string; isActive: boolean; datesEn?: string | null | undefined; datesSk?: string | null | undefined; locationEn?: string | ... 1 more ... | undefined; locationSk?: string | ... 1 more ... | undefined; }, { ...; }> | Promise<...'.
            Type 'ResolverSuccess<TFieldValues>' is not assignable to type 'ResolverSuccess<{ level: string; type: string; priceHuf: number; datesHu: string; locationHu: string; isActive: boolean; datesEn?: string | null | undefined; datesSk?: string | null | undefined; locationEn?: string | ... 1 more ... | undefined; locationSk?: string | ... 1 more ... | undefined; }>'.
              Type 'TFieldValues' is not assignable to type '{ level: string; type: string; priceHuf: number; datesHu: string; locationHu: string; isActive: boolean; datesEn?: string | null | undefined; datesSk?: string | null | undefined; locationEn?: string | ... 1 more ... | undefined; locationSk?: string | ... 1 more ... | undefined; }'.
                Type 'FieldValues' is missing the following properties from type '{ level: string; type: string; priceHuf: number; datesHu: string; locationHu: string; isActive: boolean; datesEn?: string | null | undefined; datesSk?: string | null | undefined; locationEn?: string | ... 1 more ... | undefined; locationSk?: string | ... 1 more ... | undefined; }': level, type, priceHuf, datesHu, and 2 more.
src/app/admin/trainings/training-form.tsx(338,23): error TS2322: Type 'Control<{ level: string; type: string; priceHuf: number; datesHu: string; locationHu: string; isActive: boolean; datesEn?: string | null | undefined; datesSk?: string | null | undefined; locationEn?: string | ... 1 more ... | undefined; locationSk?: string | ... 1 more ... | undefined; }, any, TFieldValues>' is not assignable to type 'Control<{ level: string; type: string; priceHuf: number; datesHu: string; locationHu: string; isActive: boolean; datesEn?: string | null | undefined; datesSk?: string | null | undefined; locationEn?: string | ... 1 more ... | undefined; locationSk?: string | ... 1 more ... | undefined; }, any, { ...; }>'.
  The types of '_options.resolver' are incompatible between these types.
    Type 'Resolver<{ level: string; type: string; priceHuf: number; datesHu: string; locationHu: string; isActive: boolean; datesEn?: string | null | undefined; datesSk?: string | null | undefined; locationEn?: string | ... 1 more ... | undefined; locationSk?: string | ... 1 more ... | undefined; }, any, TFieldValues> | undef...' is not assignable to type 'Resolver<{ level: string; type: string; priceHuf: number; datesHu: string; locationHu: string; isActive: boolean; datesEn?: string | null | undefined; datesSk?: string | null | undefined; locationEn?: string | ... 1 more ... | undefined; locationSk?: string | ... 1 more ... | undefined; }, any, { ...; }> | undefined'.
      Type 'Resolver<{ level: string; type: string; priceHuf: number; datesHu: string; locationHu: string; isActive: boolean; datesEn?: string | null | undefined; datesSk?: string | null | undefined; locationEn?: string | ... 1 more ... | undefined; locationSk?: string | ... 1 more ... | undefined; }, any, TFieldValues>' is not assignable to type 'Resolver<{ level: string; type: string; priceHuf: number; datesHu: string; locationHu: string; isActive: boolean; datesEn?: string | null | undefined; datesSk?: string | null | undefined; locationEn?: string | ... 1 more ... | undefined; locationSk?: string | ... 1 more ... | undefined; }, any, { ...; }>'.
        Type 'ResolverResult<{ level: string; type: string; priceHuf: number; datesHu: string; locationHu: string; isActive: boolean; datesEn?: string | null | undefined; datesSk?: string | null | undefined; locationEn?: string | ... 1 more ... | undefined; locationSk?: string | ... 1 more ... | undefined; }, TFieldValues> | Prom...' is not assignable to type 'ResolverResult<{ level: string; type: string; priceHuf: number; datesHu: string; locationHu: string; isActive: boolean; datesEn?: string | null | undefined; datesSk?: string | null | undefined; locationEn?: string | ... 1 more ... | undefined; locationSk?: string | ... 1 more ... | undefined; }, { ...; }> | Promise<...'.
          Type 'ResolverSuccess<TFieldValues>' is not assignable to type 'ResolverResult<{ level: string; type: string; priceHuf: number; datesHu: string; locationHu: string; isActive: boolean; datesEn?: string | null | undefined; datesSk?: string | null | undefined; locationEn?: string | ... 1 more ... | undefined; locationSk?: string | ... 1 more ... | undefined; }, { ...; }> | Promise<...'.
            Type 'ResolverSuccess<TFieldValues>' is not assignable to type 'ResolverSuccess<{ level: string; type: string; priceHuf: number; datesHu: string; locationHu: string; isActive: boolean; datesEn?: string | null | undefined; datesSk?: string | null | undefined; locationEn?: string | ... 1 more ... | undefined; locationSk?: string | ... 1 more ... | undefined; }>'.
              Type 'TFieldValues' is not assignable to type '{ level: string; type: string; priceHuf: number; datesHu: string; locationHu: string; isActive: boolean; datesEn?: string | null | undefined; datesSk?: string | null | undefined; locationEn?: string | ... 1 more ... | undefined; locationSk?: string | ... 1 more ... | undefined; }'.
                Type 'FieldValues' is missing the following properties from type '{ level: string; type: string; priceHuf: number; datesHu: string; locationHu: string; isActive: boolean; datesEn?: string | null | undefined; datesSk?: string | null | undefined; locationEn?: string | ... 1 more ... | undefined; locationSk?: string | ... 1 more ... | undefined; }': level, type, priceHuf, datesHu, and 2 more.
src/app/admin/trainings/training-form.tsx(381,21): error TS2322: Type 'Control<{ level: string; type: string; priceHuf: number; datesHu: string; locationHu: string; isActive: boolean; datesEn?: string | null | undefined; datesSk?: string | null | undefined; locationEn?: string | ... 1 more ... | undefined; locationSk?: string | ... 1 more ... | undefined; }, any, TFieldValues>' is not assignable to type 'Control<{ level: string; type: string; priceHuf: number; datesHu: string; locationHu: string; isActive: boolean; datesEn?: string | null | undefined; datesSk?: string | null | undefined; locationEn?: string | ... 1 more ... | undefined; locationSk?: string | ... 1 more ... | undefined; }, any, { ...; }>'.
  The types of '_options.resolver' are incompatible between these types.
    Type 'Resolver<{ level: string; type: string; priceHuf: number; datesHu: string; locationHu: string; isActive: boolean; datesEn?: string | null | undefined; datesSk?: string | null | undefined; locationEn?: string | ... 1 more ... | undefined; locationSk?: string | ... 1 more ... | undefined; }, any, TFieldValues> | undef...' is not assignable to type 'Resolver<{ level: string; type: string; priceHuf: number; datesHu: string; locationHu: string; isActive: boolean; datesEn?: string | null | undefined; datesSk?: string | null | undefined; locationEn?: string | ... 1 more ... | undefined; locationSk?: string | ... 1 more ... | undefined; }, any, { ...; }> | undefined'.
      Type 'Resolver<{ level: string; type: string; priceHuf: number; datesHu: string; locationHu: string; isActive: boolean; datesEn?: string | null | undefined; datesSk?: string | null | undefined; locationEn?: string | ... 1 more ... | undefined; locationSk?: string | ... 1 more ... | undefined; }, any, TFieldValues>' is not assignable to type 'Resolver<{ level: string; type: string; priceHuf: number; datesHu: string; locationHu: string; isActive: boolean; datesEn?: string | null | undefined; datesSk?: string | null | undefined; locationEn?: string | ... 1 more ... | undefined; locationSk?: string | ... 1 more ... | undefined; }, any, { ...; }>'.
        Type 'ResolverResult<{ level: string; type: string; priceHuf: number; datesHu: string; locationHu: string; isActive: boolean; datesEn?: string | null | undefined; datesSk?: string | null | undefined; locationEn?: string | ... 1 more ... | undefined; locationSk?: string | ... 1 more ... | undefined; }, TFieldValues> | Prom...' is not assignable to type 'ResolverResult<{ level: string; type: string; priceHuf: number; datesHu: string; locationHu: string; isActive: boolean; datesEn?: string | null | undefined; datesSk?: string | null | undefined; locationEn?: string | ... 1 more ... | undefined; locationSk?: string | ... 1 more ... | undefined; }, { ...; }> | Promise<...'.
          Type 'ResolverSuccess<TFieldValues>' is not assignable to type 'ResolverResult<{ level: string; type: string; priceHuf: number; datesHu: string; locationHu: string; isActive: boolean; datesEn?: string | null | undefined; datesSk?: string | null | undefined; locationEn?: string | ... 1 more ... | undefined; locationSk?: string | ... 1 more ... | undefined; }, { ...; }> | Promise<...'.
            Type 'ResolverSuccess<TFieldValues>' is not assignable to type 'ResolverSuccess<{ level: string; type: string; priceHuf: number; datesHu: string; locationHu: string; isActive: boolean; datesEn?: string | null | undefined; datesSk?: string | null | undefined; locationEn?: string | ... 1 more ... | undefined; locationSk?: string | ... 1 more ... | undefined; }>'.
              Type 'TFieldValues' is not assignable to type '{ level: string; type: string; priceHuf: number; datesHu: string; locationHu: string; isActive: boolean; datesEn?: string | null | undefined; datesSk?: string | null | undefined; locationEn?: string | ... 1 more ... | undefined; locationSk?: string | ... 1 more ... | undefined; }'.
                Type 'FieldValues' is missing the following properties from type '{ level: string; type: string; priceHuf: number; datesHu: string; locationHu: string; isActive: boolean; datesEn?: string | null | undefined; datesSk?: string | null | undefined; locationEn?: string | ... 1 more ... | undefined; locationSk?: string | ... 1 more ... | undefined; }': level, type, priceHuf, datesHu, and 2 more.
src/app/admin/trainings/training-form.tsx(407,23): error TS2322: Type 'Control<{ level: string; type: string; priceHuf: number; datesHu: string; locationHu: string; isActive: boolean; datesEn?: string | null | undefined; datesSk?: string | null | undefined; locationEn?: string | ... 1 more ... | undefined; locationSk?: string | ... 1 more ... | undefined; }, any, TFieldValues>' is not assignable to type 'Control<{ level: string; type: string; priceHuf: number; datesHu: string; locationHu: string; isActive: boolean; datesEn?: string | null | undefined; datesSk?: string | null | undefined; locationEn?: string | ... 1 more ... | undefined; locationSk?: string | ... 1 more ... | undefined; }, any, { ...; }>'.
  The types of '_options.resolver' are incompatible between these types.
    Type 'Resolver<{ level: string; type: string; priceHuf: number; datesHu: string; locationHu: string; isActive: boolean; datesEn?: string | null | undefined; datesSk?: string | null | undefined; locationEn?: string | ... 1 more ... | undefined; locationSk?: string | ... 1 more ... | undefined; }, any, TFieldValues> | undef...' is not assignable to type 'Resolver<{ level: string; type: string; priceHuf: number; datesHu: string; locationHu: string; isActive: boolean; datesEn?: string | null | undefined; datesSk?: string | null | undefined; locationEn?: string | ... 1 more ... | undefined; locationSk?: string | ... 1 more ... | undefined; }, any, { ...; }> | undefined'.
      Type 'Resolver<{ level: string; type: string; priceHuf: number; datesHu: string; locationHu: string; isActive: boolean; datesEn?: string | null | undefined; datesSk?: string | null | undefined; locationEn?: string | ... 1 more ... | undefined; locationSk?: string | ... 1 more ... | undefined; }, any, TFieldValues>' is not assignable to type 'Resolver<{ level: string; type: string; priceHuf: number; datesHu: string; locationHu: string; isActive: boolean; datesEn?: string | null | undefined; datesSk?: string | null | undefined; locationEn?: string | ... 1 more ... | undefined; locationSk?: string | ... 1 more ... | undefined; }, any, { ...; }>'.
        Type 'ResolverResult<{ level: string; type: string; priceHuf: number; datesHu: string; locationHu: string; isActive: boolean; datesEn?: string | null | undefined; datesSk?: string | null | undefined; locationEn?: string | ... 1 more ... | undefined; locationSk?: string | ... 1 more ... | undefined; }, TFieldValues> | Prom...' is not assignable to type 'ResolverResult<{ level: string; type: string; priceHuf: number; datesHu: string; locationHu: string; isActive: boolean; datesEn?: string | null | undefined; datesSk?: string | null | undefined; locationEn?: string | ... 1 more ... | undefined; locationSk?: string | ... 1 more ... | undefined; }, { ...; }> | Promise<...'.
          Type 'ResolverSuccess<TFieldValues>' is not assignable to type 'ResolverResult<{ level: string; type: string; priceHuf: number; datesHu: string; locationHu: string; isActive: boolean; datesEn?: string | null | undefined; datesSk?: string | null | undefined; locationEn?: string | ... 1 more ... | undefined; locationSk?: string | ... 1 more ... | undefined; }, { ...; }> | Promise<...'.
            Type 'ResolverSuccess<TFieldValues>' is not assignable to type 'ResolverSuccess<{ level: string; type: string; priceHuf: number; datesHu: string; locationHu: string; isActive: boolean; datesEn?: string | null | undefined; datesSk?: string | null | undefined; locationEn?: string | ... 1 more ... | undefined; locationSk?: string | ... 1 more ... | undefined; }>'.
              Type 'TFieldValues' is not assignable to type '{ level: string; type: string; priceHuf: number; datesHu: string; locationHu: string; isActive: boolean; datesEn?: string | null | undefined; datesSk?: string | null | undefined; locationEn?: string | ... 1 more ... | undefined; locationSk?: string | ... 1 more ... | undefined; }'.
                Type 'FieldValues' is missing the following properties from type '{ level: string; type: string; priceHuf: number; datesHu: string; locationHu: string; isActive: boolean; datesEn?: string | null | undefined; datesSk?: string | null | undefined; locationEn?: string | ... 1 more ... | undefined; locationSk?: string | ... 1 more ... | undefined; }': level, type, priceHuf, datesHu, and 2 more.
src/app/admin/trainings/training-form.tsx(449,21): error TS2322: Type 'Control<{ level: string; type: string; priceHuf: number; datesHu: string; locationHu: string; isActive: boolean; datesEn?: string | null | undefined; datesSk?: string | null | undefined; locationEn?: string | ... 1 more ... | undefined; locationSk?: string | ... 1 more ... | undefined; }, any, TFieldValues>' is not assignable to type 'Control<{ level: string; type: string; priceHuf: number; datesHu: string; locationHu: string; isActive: boolean; datesEn?: string | null | undefined; datesSk?: string | null | undefined; locationEn?: string | ... 1 more ... | undefined; locationSk?: string | ... 1 more ... | undefined; }, any, { ...; }>'.
  The types of '_options.resolver' are incompatible between these types.
    Type 'Resolver<{ level: string; type: string; priceHuf: number; datesHu: string; locationHu: string; isActive: boolean; datesEn?: string | null | undefined; datesSk?: string | null | undefined; locationEn?: string | ... 1 more ... | undefined; locationSk?: string | ... 1 more ... | undefined; }, any, TFieldValues> | undef...' is not assignable to type 'Resolver<{ level: string; type: string; priceHuf: number; datesHu: string; locationHu: string; isActive: boolean; datesEn?: string | null | undefined; datesSk?: string | null | undefined; locationEn?: string | ... 1 more ... | undefined; locationSk?: string | ... 1 more ... | undefined; }, any, { ...; }> | undefined'.
      Type 'Resolver<{ level: string; type: string; priceHuf: number; datesHu: string; locationHu: string; isActive: boolean; datesEn?: string | null | undefined; datesSk?: string | null | undefined; locationEn?: string | ... 1 more ... | undefined; locationSk?: string | ... 1 more ... | undefined; }, any, TFieldValues>' is not assignable to type 'Resolver<{ level: string; type: string; priceHuf: number; datesHu: string; locationHu: string; isActive: boolean; datesEn?: string | null | undefined; datesSk?: string | null | undefined; locationEn?: string | ... 1 more ... | undefined; locationSk?: string | ... 1 more ... | undefined; }, any, { ...; }>'.
        Type 'ResolverResult<{ level: string; type: string; priceHuf: number; datesHu: string; locationHu: string; isActive: boolean; datesEn?: string | null | undefined; datesSk?: string | null | undefined; locationEn?: string | ... 1 more ... | undefined; locationSk?: string | ... 1 more ... | undefined; }, TFieldValues> | Prom...' is not assignable to type 'ResolverResult<{ level: string; type: string; priceHuf: number; datesHu: string; locationHu: string; isActive: boolean; datesEn?: string | null | undefined; datesSk?: string | null | undefined; locationEn?: string | ... 1 more ... | undefined; locationSk?: string | ... 1 more ... | undefined; }, { ...; }> | Promise<...'.
          Type 'ResolverSuccess<TFieldValues>' is not assignable to type 'ResolverResult<{ level: string; type: string; priceHuf: number; datesHu: string; locationHu: string; isActive: boolean; datesEn?: string | null | undefined; datesSk?: string | null | undefined; locationEn?: string | ... 1 more ... | undefined; locationSk?: string | ... 1 more ... | undefined; }, { ...; }> | Promise<...'.
            Type 'ResolverSuccess<TFieldValues>' is not assignable to type 'ResolverSuccess<{ level: string; type: string; priceHuf: number; datesHu: string; locationHu: string; isActive: boolean; datesEn?: string | null | undefined; datesSk?: string | null | undefined; locationEn?: string | ... 1 more ... | undefined; locationSk?: string | ... 1 more ... | undefined; }>'.
              Type 'TFieldValues' is not assignable to type '{ level: string; type: string; priceHuf: number; datesHu: string; locationHu: string; isActive: boolean; datesEn?: string | null | undefined; datesSk?: string | null | undefined; locationEn?: string | ... 1 more ... | undefined; locationSk?: string | ... 1 more ... | undefined; }'.
                Type 'FieldValues' is missing the following properties from type '{ level: string; type: string; priceHuf: number; datesHu: string; locationHu: string; isActive: boolean; datesEn?: string | null | undefined; datesSk?: string | null | undefined; locationEn?: string | ... 1 more ... | undefined; locationSk?: string | ... 1 more ... | undefined; }': level, type, priceHuf, datesHu, and 2 more.
